../Core/Src/main.c:104:6:uart_tx	48	static
../Core/Src/main.c:192:6:dsp	40	static
../Core/Src/main.c:241:6:overlap_dsp	2064	static
../Core/Src/main.c:261:6:dump	16	static
../Core/Src/main.c:290:5:main	7192	static
../Core/Src/main.c:407:6:SystemClock_Config	96	static
../Core/Src/main.c:457:13:MX_DFSDM1_Init	8	static
../Core/Src/main.c:510:13:MX_USART2_UART_Init	8	static
../Core/Src/main.c:543:13:MX_DMA_Init	16	static
../Core/Src/main.c:564:13:MX_GPIO_Init	48	static
../Core/Src/main.c:602:6:HAL_DFSDM_FilterRegConvHalfCpltCallback	16	static
../Core/Src/main.c:616:6:HAL_DFSDM_FilterRegConvCpltCallback	16	static
../Core/Src/main.c:628:5:_write	24	static
../Core/Src/main.c:634:6:HAL_GPIO_EXTI_Callback	16	static
../Core/Src/main.c:643:6:HAL_UART_RxCpltCallback	24	static
../Core/Src/main.c:678:6:Error_Handler	4	static,ignoring_inline_asm
