../Core/Src/main.c:110:6:uart_tx	56	static
../Core/Src/main.c:201:6:dsp	40	static
../Core/Src/main.c:258:6:overlap_dsp	2064	static
../Core/Src/main.c:282:6:dump	16	static
../Core/Src/main.c:311:5:main	7192	static
../Core/Src/main.c:418:6:SystemClock_Config	96	static
../Core/Src/main.c:468:13:MX_DFSDM1_Init	8	static
../Core/Src/main.c:521:13:MX_USART2_UART_Init	8	static
../Core/Src/main.c:554:13:MX_DMA_Init	16	static
../Core/Src/main.c:575:13:MX_GPIO_Init	48	static
../Core/Src/main.c:613:6:HAL_DFSDM_FilterRegConvHalfCpltCallback	16	static
../Core/Src/main.c:627:6:HAL_DFSDM_FilterRegConvCpltCallback	16	static
../Core/Src/main.c:639:5:_write	24	static
../Core/Src/main.c:645:6:HAL_GPIO_EXTI_Callback	16	static
../Core/Src/main.c:654:6:HAL_UART_RxCpltCallback	24	static
../Core/Src/main.c:701:6:Error_Handler	4	static,ignoring_inline_asm
