../X-CUBE-AI/App/app_x-cube-ai.c:100:26:ai_mnetwork_handle	0	static
../X-CUBE-AI/App/app_x-cube-ai.c:90:9:ai_mnetwork_is_valid.constprop	8	static
../X-CUBE-AI/App/app_x-cube-ai.c:123:13:ai_mnetwork_find	8	static
../X-CUBE-AI/App/app_x-cube-ai.c:140:10:ai_mnetwork_create	24	static
../X-CUBE-AI/App/app_x-cube-ai.c:182:11:ai_mnetwork_destroy	16	static
../X-CUBE-AI/App/app_x-cube-ai.c:197:9:ai_mnetwork_get_report	8	static
../X-CUBE-AI/App/app_x-cube-ai.c:208:10:ai_mnetwork_get_error	8	static
../X-CUBE-AI/App/app_x-cube-ai.c:223:9:ai_mnetwork_init	72	static
../X-CUBE-AI/App/app_x-cube-ai.c:240:8:ai_mnetwork_run	16	static
../X-CUBE-AI/App/app_x-cube-ai.c:252:8:ai_mnetwork_forward	8	static
../X-CUBE-AI/App/app_x-cube-ai.c:263:6:ai_mnetwork_get_private_handle	16	static
