../X-CUBE-AI/App/app_x-cube-ai.c:101:26:ai_mnetwork_handle	0	static
../X-CUBE-AI/App/app_x-cube-ai.c:91:9:ai_mnetwork_is_valid.constprop	8	static
../X-CUBE-AI/App/app_x-cube-ai.c:124:13:ai_mnetwork_find	8	static
../X-CUBE-AI/App/app_x-cube-ai.c:141:10:ai_mnetwork_create	24	static
../X-CUBE-AI/App/app_x-cube-ai.c:183:11:ai_mnetwork_destroy	16	static
../X-CUBE-AI/App/app_x-cube-ai.c:198:9:ai_mnetwork_get_report	8	static
../X-CUBE-AI/App/app_x-cube-ai.c:209:10:ai_mnetwork_get_error	8	static
../X-CUBE-AI/App/app_x-cube-ai.c:224:9:ai_mnetwork_init	72	static
../X-CUBE-AI/App/app_x-cube-ai.c:241:8:ai_mnetwork_run	16	static
../X-CUBE-AI/App/app_x-cube-ai.c:253:8:ai_mnetwork_forward	8	static
../X-CUBE-AI/App/app_x-cube-ai.c:264:6:ai_mnetwork_get_private_handle	16	static
