../Core/Src/main.c:78:6:get_current_datetime	48	static
../Core/Src/main.c:124:5:main	32	static
../Core/Src/main.c:182:6:SystemClock_Config	96	static
../Core/Src/main.c:238:13:MX_I2C1_Init	8	static
../Core/Src/main.c:286:13:MX_RTC_Init	8	static
../Core/Src/main.c:322:13:MX_USART2_UART_Init	8	static
../Core/Src/main.c:357:13:MX_GPIO_Init	48	static
../Core/Src/main.c:390:6:HAL_GPIO_EXTI_Callback	48	static
../Core/Src/main.c:410:6:HAL_UART_RxCpltCallback	80	static
../Core/Src/main.c:457:6:Error_Handler	4	static,ignoring_inline_asm
