../Core/Src/main.c:80:6:get_current_datetime	48	static
../Core/Src/main.c:127:5:main	32	static
../Core/Src/main.c:185:6:SystemClock_Config	96	static
../Core/Src/main.c:241:13:MX_I2C1_Init	8	static
../Core/Src/main.c:289:13:MX_RTC_Init	80	static
../Core/Src/main.c:373:13:MX_USART2_UART_Init	8	static
../Core/Src/main.c:408:13:MX_GPIO_Init	48	static
../Core/Src/main.c:445:6:HAL_GPIO_EXTI_Callback	48	static
../Core/Src/main.c:465:6:HAL_UART_RxCpltCallback	96	static
../Core/Src/main.c:507:6:HAL_RTC_AlarmAEventCallback	64	static
../Core/Src/main.c:530:6:Error_Handler	4	static,ignoring_inline_asm
