../Core/Src/main.c:93:5:main	88	static
../Core/Src/main.c:229:6:SystemClock_Config	96	static
../Core/Src/main.c:275:13:MX_DFSDM1_Init	8	static
../Core/Src/main.c:327:13:MX_USART2_UART_Init	8	static
../Core/Src/main.c:358:13:MX_DMA_Init	16	static
../Core/Src/main.c:375:13:MX_GPIO_Init	48	static
../Core/Src/main.c:409:6:apply_ac_coupling	24	static
../Core/Src/main.c:418:6:HAL_DFSDM_FilterRegConvCpltCallback	24	static
../Core/Src/main.c:429:6:HAL_UART_RxCpltCallback	16	static
../Core/Src/main.c:449:5:_write	24	static
../Core/Src/main.c:459:6:Error_Handler	4	static,ignoring_inline_asm
