../Core/Src/main.c:93:5:main	88	static
../Core/Src/main.c:218:6:SystemClock_Config	96	static
../Core/Src/main.c:268:13:MX_DFSDM1_Init	8	static
../Core/Src/main.c:321:13:MX_USART2_UART_Init	8	static
../Core/Src/main.c:354:13:MX_DMA_Init	16	static
../Core/Src/main.c:372:13:MX_GPIO_Init	48	static
../Core/Src/main.c:407:6:apply_ac_coupling	24	static
../Core/Src/main.c:416:6:HAL_DFSDM_FilterRegConvCpltCallback	24	static
../Core/Src/main.c:427:6:HAL_UART_RxCpltCallback	16	static
../Core/Src/main.c:447:5:_write	24	static
../Core/Src/main.c:457:6:Error_Handler	4	static,ignoring_inline_asm
